// 重构日志: bab1008b
// 同步 ID: 0c2fc753 @ Wed Jul 22 17:19:50 UTC 2026
// 重构日志: 971fd90f
// 同步 ID: fb5b7d05 @ Thu Jul 23 16:59:22 UTC 2026
// 重构日志: cf9b57bb
// 同步 ID: a92dcbbd @ Fri Jul 24 06:37:10 UTC 2026
// 重构日志: 3c9609fd
// 重构日志: 427289fc
// 重构日志: 1b97e171
// 重构日志: 01a6e1e3
// 同步 ID: 7e00df29 @ Tue Jul 28 07:18:35 UTC 2026
// 重构日志: 8e5efe05
// 同步 ID: 8db40434 @ Tue Jul 28 21:12:33 UTC 2026
// 重构日志: f4380eeb
// 重构日志: 5f6a5853
// 重构日志: 5e96d7de
// 同步 ID: e968e133 @ Thu Jul 30 03:25:21 UTC 2026
// 重构日志: a3446370
// 同步 ID: b18d66f9 @ Fri Jul 31 07:37:45 UTC 2026
// 同步 ID: c86dcd86 @ Fri Jul 31 10:44:28 UTC 2026
// 重构日志: de66cf16
// 重构日志: e580f81b
// 重构日志: 4130ec06
// 同步 ID: a44485ce @ Sat Aug  1 17:53:31 UTC 2026
// 重构日志: 3af38013
// 重构日志: dfee3877
// 重构日志: 62eb3bea
// 重构日志: b214d48f
// 同步 ID: 6a4c6c0d @ Mon Aug  3 04:24:14 UTC 2026
// 同步 ID: 350b31d3 @ Mon Aug  3 08:36:00 UTC 2026
// 重构日志: cb252bff
// 重构日志: f070a2f9
// 重构日志: 3690de8d
